ARM Linker, 5.03 [Build 76] [MDK-ARM Standard]

==============================================================================

Section Cross References

    main.o(.text) refers to hal_process_debug.o(.text) for hal_process_debug
    main.o(.text) refers to hal_process_control.o(.text) for hal_process_control
    main.o(.text) refers to hal_process_collect.o(.text) for hal_process_collect
    main.o(.text) refers to bsp.o(.text) for OSTmr_Count_Start
    main.o(.text) refers to os_time.o(.text) for OSTimeDly
    main.o(.text) refers to hal_process_serves.o(.text) for tcp_server_process
    main.o(.text) refers to os_cpu_a.o(.text) for OS_CPU_SR_Save
    main.o(.text) refers to os_task.o(.text) for OSTaskCreateExt
    main.o(.text) refers to os_sem.o(.text) for OSSemCreate
    main.o(.text) refers to os_mbox.o(.text) for OSMboxCreate
    main.o(.text) refers to os_cpu_c.o(.text) for OS_CPU_SysTickInit
    main.o(.text) refers to os_core.o(.text) for OSStatInit
    main.o(.text) refers to lwip.o(.text) for Init_LwIP
    main.o(.text) refers to stm32f10x_iwdg.o(.text) for IWDG_ReloadCounter
    main.o(.text) refers to bsp_usart.o(.text) for BSP_USART_Config
    main.o(.text) refers to bsp_tim.o(.text) for BSP_TIM3_Init
    main.o(.text) refers to bsp_can.o(.text) for BSP_CANX_Init
    main.o(.text) refers to stm32f10x_can.o(.text) for CAN_ITConfig
    main.o(.text) refers to bsp_spi.o(.text) for BSP_SPI1_Init
    main.o(.text) refers to bsp_eth.o(.text) for BSP_EthernetInit
    main.o(.text) refers to main.o(.data) for updatatime
    main.o(.text) refers to main.o(.bss) for App_TaskLWIPStk
    main.o(.text) refers to bsp.o(.bss) for g_system_para
    hal_process_control.o(.text) refers to bsp_can.o(.text) for BSP_CAN_SendMsg
    hal_process_control.o(.text) refers to os_mbox.o(.text) for OSMboxPend
    hal_process_control.o(.text) refers to bsp.o(.text) for myPrintf
    hal_process_control.o(.text) refers to bsp_spi.o(.text) for BSP_Write_DOUT1_24
    hal_process_control.o(.text) refers to os_time.o(.text) for OSTimeDly
    hal_process_control.o(.text) refers to main.o(.data) for CANItMbox
    hal_process_control.o(.text) refers to hal_process_control.o(.constdata) for .constdata
    hal_process_control.o(.text) refers to hal_process_control.o(.data) for CanSendData_velocity1
    hal_process_control.o(.text) refers to dflti.o(.text) for __aeabi_i2d
    hal_process_control.o(.text) refers to dmul.o(.text) for __aeabi_dmul
    hal_process_control.o(.text) refers to ddiv.o(.text) for __aeabi_ddiv
    hal_process_control.o(.text) refers to dfixi.o(.text) for __aeabi_d2iz
    hal_process_control.o(.text) refers to patrol_control.o(.text) for TrackingLR
    hal_process_control.o(.text) refers to hal_process_collect.o(.data) for g_movelimitcout
    hal_process_control.o(.text) refers to memseta.o(.text) for __aeabi_memclr
    hal_process_control.o(.text) refers to memcpya.o(.text) for __aeabi_memcpy
    hal_process_control.o(.text) refers to hal_process_serves.o(.text) for PackData
    hal_process_control.o(.text) refers to hal_process_control.o(.bss) for btmp
    hal_process_control.o(.text) refers to dadd.o(.text) for __aeabi_dadd
    hal_process_control.o(.data) refers to hal_process_control.o(.constdata) for CanSendData_position
    hal_process_serves.o(.text) refers to memseta.o(.text) for __aeabi_memclr4
    hal_process_serves.o(.text) refers to strcpy.o(.text) for strcpy
    hal_process_serves.o(.text) refers to strncmp.o(.text) for strncmp
    hal_process_serves.o(.text) refers to hal_process_control.o(.text) for MotorStopAll
    hal_process_serves.o(.text) refers to os_mbox.o(.text) for OSMboxPost
    hal_process_serves.o(.text) refers to os_sem.o(.text) for OSSemPend
    hal_process_serves.o(.text) refers to api_lib.o(.text) for netconn_write_partly
    hal_process_serves.o(.text) refers to bsp.o(.text) for OSTmr_Count_Start
    hal_process_serves.o(.text) refers to os_task.o(.text) for OSTaskSuspend
    hal_process_serves.o(.text) refers to bsp_spi.o(.text) for BSP_SPI_FLASH_BufferWrite
    hal_process_serves.o(.text) refers to memcmp.o(.text) for memcmp
    hal_process_serves.o(.text) refers to hal_process_serves.o(.bss) for cstr
    hal_process_serves.o(.text) refers to main.o(.data) for DebugMbox
    hal_process_serves.o(.text) refers to hal_process_serves.o(.data) for newconn
    hal_process_serves.o(.text) refers to bsp.o(.bss) for g_system_para
    hal_process_serves.o(.text) refers to os_time.o(.text) for OSTimeDly
    hal_process_serves.o(.text) refers to lwip.o(.text) for Display_IPAddress
    hal_process_serves.o(.text) refers to ip_addr.o(.text) for ipaddr_ntoa
    hal_process_serves.o(.text) refers to memcpya.o(.text) for __aeabi_memcpy
    hal_process_serves.o(.text) refers to netbuf.o(.text) for netbuf_delete
    hal_process_serves.o(.text) refers to atoi.o(.text) for atoi
[...]
    TIM_ForcedOC2Config                      0x0801060b   Thumb Code    26  stm32f10x_tim.o(.text)
    TIM_ForcedOC3Config                      0x08010625   Thumb Code    18  stm32f10x_tim.o(.text)
    TIM_ForcedOC4Config                      0x08010637   Thumb Code    26  stm32f10x_tim.o(.text)
    TIM_ARRPreloadConfig                     0x08010651   Thumb Code    24  stm32f10x_tim.o(.text)
    TIM_SelectCOM                            0x08010669   Thumb Code    24  stm32f10x_tim.o(.text)
    TIM_SelectCCDMA                          0x08010681   Thumb Code    24  stm32f10x_tim.o(.text)
    TIM_CCPreloadControl                     0x08010699   Thumb Code    24  stm32f10x_tim.o(.text)
    TIM_OC1PreloadConfig                     0x080106b1   Thumb Code    18  stm32f10x_tim.o(.text)
    TIM_OC2PreloadConfig                     0x080106c3   Thumb Code    26  stm32f10x_tim.o(.text)
    TIM_OC3PreloadConfig                     0x080106dd   Thumb Code    18  stm32f10x_tim.o(.text)
    TIM_OC4PreloadConfig                     0x080106ef   Thumb Code    26  stm32f10x_tim.o(.text)
    TIM_OC1FastConfig                        0x08010709   Thumb Code    18  stm32f10x_tim.o(.text)
    TIM_OC2FastConfig                        0x0801071b   Thumb Code    26  stm32f10x_tim.o(.text)
    TIM_OC3FastConfig                        0x08010735   Thumb Code    18  stm32f10x_tim.o(.text)
    TIM_OC4FastConfig                        0x08010747   Thumb Code    26  stm32f10x_tim.o(.text)
    TIM_ClearOC1Ref                          0x08010761   Thumb Code    18  stm32f10x_tim.o(.text)
    TIM_ClearOC2Ref                          0x08010773   Thumb Code    24  stm32f10x_tim.o(.text)
    TIM_ClearOC3Ref                          0x0801078b   Thumb Code    18  stm32f10x_tim.o(.text)
    TIM_ClearOC4Ref                          0x0801079d   Thumb Code    24  stm32f10x_tim.o(.text)
    TIM_OC1PolarityConfig                    0x080107b5   Thumb Code    18  stm32f10x_tim.o(.text)
    TIM_OC1NPolarityConfig                   0x080107c7   Thumb Code    18  stm32f10x_tim.o(.text)
    TIM_OC2PolarityConfig                    0x080107d9   Thumb Code    26  stm32f10x_tim.o(.text)
    TIM_OC2NPolarityConfig                   0x080107f3   Thumb Code    26  stm32f10x_tim.o(.text)
    TIM_OC3PolarityConfig                    0x0801080d   Thumb Code    26  stm32f10x_tim.o(.text)
    TIM_OC3NPolarityConfig                   0x08010827   Thumb Code    26  stm32f10x_tim.o(.text)
    TIM_OC4PolarityConfig                    0x08010841   Thumb Code    26  stm32f10x_tim.o(.text)
    TIM_CCxCmd                               0x0801085b   Thumb Code    30  stm32f10x_tim.o(.text)
    TIM_CCxNCmd                              0x08010879   Thumb Code    30  stm32f10x_tim.o(.text)
    TIM_SelectOCxM                           0x08010897   Thumb Code    82  stm32f10x_tim.o(.text)
    TIM_UpdateDisableConfig                  0x080108e9   Thumb Code    24  stm32f10x_tim.o(.text)
    TIM_UpdateRequestConfig                  0x08010901   Thumb Code    24  stm32f10x_tim.o(.text)
    TIM_SelectHallSensor                     0x08010919   Thumb Code    24  stm32f10x_tim.o(.text)
    TIM_SelectOnePulseMode                   0x08010931   Thumb Code    18  stm32f10x_tim.o(.text)
    TIM_SelectOutputTrigger                  0x08010943   Thumb Code    18  stm32f10x_tim.o(.text)
    TIM_SelectSlaveMode                      0x08010955   Thumb Code    18  stm32f10x_tim.o(.text)
    TIM_SelectMasterSlaveMode                0x08010967   Thumb Code    18  stm32f10x_tim.o(.text)
    TIM_SetCounter                           0x08010979   Thumb Code     4  stm32f10x_tim.o(.text)
    TIM_SetAutoreload                        0x0801097d   Thumb Code     4  stm32f10x_tim.o(.text)
    TIM_SetCompare1                          0x08010981   Thumb Code     4  stm32f10x_tim.o(.text)
    TIM_SetCompare2                          0x08010985   Thumb Code     4  stm32f10x_tim.o(.text)
    TIM_SetCompare3                          0x08010989   Thumb Code     4  stm32f10x_tim.o(.text)
    TIM_SetCompare4                          0x0801098d   Thumb Code     6  stm32f10x_tim.o(.text)
    TIM_SetClockDivision                     0x08010993   Thumb Code    18  stm32f10x_tim.o(.text)
    TIM_GetCapture1                          0x080109a5   Thumb Code     6  stm32f10x_tim.o(.text)
    TIM_GetCapture2                          0x080109ab   Thumb Code     6  stm32f10x_tim.o(.text)
    TIM_GetCapture3                          0x080109b1   Thumb Code     6  stm32f10x_tim.o(.text)
    TIM_GetCapture4                          0x080109b7   Thumb Code     8  stm32f10x_tim.o(.text)
    TIM_GetCounter                           0x080109bf   Thumb Code     6  stm32f10x_tim.o(.text)
    TIM_GetPrescaler                         0x080109c5   Thumb Code     6  stm32f10x_tim.o(.text)
    TIM_GetFlagStatus                        0x080109cb   Thumb Code    18  stm32f10x_tim.o(.text)
    TIM_ClearFlag                            0x080109dd   Thumb Code     6  stm32f10x_tim.o(.text)
    TIM_GetITStatus                          0x080109e3   Thumb Code    34  stm32f10x_tim.o(.text)
    TIM_ClearITPendingBit                    0x08010a05   Thumb Code     6  stm32f10x_tim.o(.text)
    USART_DeInit                             0x08010a0d   Thumb Code   134  stm32f10x_usart.o(.text)
    USART_Init                               0x08010a93   Thumb Code   210  stm32f10x_usart.o(.text)
    USART_StructInit                         0x08010b65   Thumb Code    24  stm32f10x_usart.o(.text)
    USART_ClockInit                          0x08010b7d   Thumb Code    34  stm32f10x_usart.o(.text)
    USART_ClockStructInit                    0x08010b9f   Thumb Code    12  stm32f10x_usart.o(.text)
    USART_Cmd                                0x08010bab   Thumb Code    24  stm32f10x_usart.o(.text)
    USART_ITConfig                           0x08010bc3   Thumb Code    74  stm32f10x_usart.o(.text)
    USART_DMACmd                             0x08010c0d   Thumb Code    18  stm32f10x_usart.o(.text)
    USART_SetAddress                         0x08010c1f   Thumb Code    18  stm32f10x_usart.o(.text)
    USART_WakeUpConfig                       0x08010c31   Thumb Code    18  stm32f10x_usart.o(.text)
    USART_ReceiverWakeUpCmd                  0x08010c43   Thumb Code    24  stm32f10x_usart.o(.text)
    USART_LINBreakDetectLengthConfig         0x08010c5b   Thumb Code    18  stm32f10x_usart.o(.text)
    USART_LINCmd                             0x08010c6d   Thumb Code    24  stm32f10x_usart.o(.text)
    USART_SendData                           0x08010c85   Thumb Code     8  stm32f10x_usart.o(.text)
    USART_ReceiveData                        0x08010c8d   Thumb Code    10  stm32f10x_usart.o(.text)
    USART_SendBreak                          0x08010c97   Thumb Code    10  stm32f10x_usart.o(.text)
    USART_SetGuardTime                       0x08010ca1   Thumb Code    16  stm32f10x_usart.o(.text)
    USART_SetPrescaler                       0x08010cb1   Thumb Code    16  stm32f10x_usart.o(.text)
    USART_SmartCardCmd                       0x08010cc1   Thumb Code    24  stm32f10x_usart.o(.text)
    USART_SmartCardNACKCmd                   0x08010cd9   Thumb Code    24  stm32f10x_usart.o(.text)
    USART_HalfDuplexCmd                      0x08010cf1   Thumb Code    24  stm32f10x_usart.o(.text)
    USART_OverSampling8Cmd                   0x08010d09   Thumb Code    22  stm32f10x_usart.o(.text)
    USART_OneBitMethodCmd                    0x08010d1f   Thumb Code    24  stm32f10x_usart.o(.text)
    USART_IrDAConfig                         0x08010d37   Thumb Code    18  stm32f10x_usart.o(.text)
    USART_IrDACmd                            0x08010d49   Thumb Code    24  stm32f10x_usart.o(.text)
    USART_GetFlagStatus                      0x08010d61   Thumb Code    26  stm32f10x_usart.o(.text)
    USART_ClearFlag                          0x08010d7b   Thumb Code    18  stm32f10x_usart.o(.text)
    USART_GetITStatus                        0x08010d8d   Thumb Code    84  stm32f10x_usart.o(.text)
    USART_ClearITPendingBit                  0x08010de1   Thumb Code    52  stm32f10x_usart.o(.text)
    OS_StrLen                                0x08010e15   Thumb Code    20  os_core.o(.text)
    OSEventNameGet                           0x08010e29   Thumb Code    98  os_core.o(.text)
    OSEventNameSet                           0x08010e8b   Thumb Code    84  os_core.o(.text)
    OS_EventTaskRemoveMulti                  0x08010edf   Thumb Code    60  os_core.o(.text)
    OS_Sched                                 0x08010f35   Thumb Code    88  os_core.o(.text)
    OS_EventTaskWaitMulti                    0x08010f8d   Thumb Code   136  os_core.o(.text)
    OSEventPendMulti                         0x08011015   Thumb Code   710  os_core.o(.text)
    OS_TaskStatStkChk                        0x080112db   Thumb Code    54  os_core.o(.text)
    OS_TaskStat                              0x08011311   Thumb Code   116  os_core.o(.text)
    OS_TaskIdle                              0x080113b9   Thumb Code    34  os_core.o(.text)
    OS_MemClr                                0x0801140f   Thumb Code    18  os_core.o(.text)
    OSInit                                   0x08011537   Thumb Code    48  os_core.o(.text)
    OSIntEnter                               0x08011567   Thumb Code    28  os_core.o(.text)
    OSIntExit                                0x08011583   Thumb Code   112  os_core.o(.text)
    OSSchedLock                              0x080115f3   Thumb Code    50  os_core.o(.text)
    OSSchedUnlock                            0x08011625   Thumb Code   234  os_core.o(.text)
    OSStart                                  0x0801170f   Thumb Code    48  os_core.o(.text)
    OSStatInit                               0x0801173f   Thumb Code    62  os_core.o(.text)
    OSTimeTick                               0x0801177d   Thumb Code   218  os_core.o(.text)
    OSVersion                                0x08011857   Thumb Code     6  os_core.o(.text)
    OS_Dummy                                 0x0801185d   Thumb Code     2  os_core.o(.text)
    OS_EventTaskRemove                       0x0801185f   Thumb Code    42  os_core.o(.text)
    OS_EventTaskRdy                          0x08011889   Thumb Code   132  os_core.o(.text)
    OS_EventTaskWait                         0x0801190d   Thumb Code   112  os_core.o(.text)
    OS_EventWaitListInit                     0x0801197d   Thumb Code    28  os_core.o(.text)
    OS_MemCopy                               0x08011999   Thumb Code    20  os_core.o(.text)
    OS_TCBInit                               0x080119ad   Thumb Code   296  os_core.o(.text)
    OSInitHookBegin                          0x08011b19   Thumb Code     2  os_cpu_c.o(.text)
    OSInitHookEnd                            0x08011b1b   Thumb Code     2  os_cpu_c.o(.text)
    OSTaskCreateHook                         0x08011b1d   Thumb Code     2  os_cpu_c.o(.text)
    OSTaskDelHook                            0x08011b1f   Thumb Code     2  os_cpu_c.o(.text)
    OSTaskIdleHook                           0x08011b21   Thumb Code     2  os_cpu_c.o(.text)
    OSTaskStatHook                           0x08011b23   Thumb Code     2  os_cpu_c.o(.text)
    OSTaskStkInit                            0x08011b25   Thumb Code   154  os_cpu_c.o(.text)
    OSTaskSwHook                             0x08011bbf   Thumb Code     2  os_cpu_c.o(.text)
    OSTCBInitHook                            0x08011bc1   Thumb Code     2  os_cpu_c.o(.text)
    OSTimeTickHook                           0x08011bc3   Thumb Code     2  os_cpu_c.o(.text)
    OS_CPU_SysTickInit                       0x08011bc5   Thumb Code    92  os_cpu_c.o(.text)
    OSFlagAccept                             0x08011c2d   Thumb Code   252  os_flag.o(.text)
    OSFlagCreate                             0x08011d29   Thumb Code    86  os_flag.o(.text)
    OS_FlagUnlink                            0x08011d7f   Thumb Code    36  os_flag.o(.text)
    OSFlagDel                                0x08011e03   Thumb Code   214  os_flag.o(.text)
    OSFlagNameGet                            0x08011ed9   Thumb Code    80  os_flag.o(.text)
    OSFlagNameSet                            0x08011f29   Thumb Code    66  os_flag.o(.text)
    OSFlagPend                               0x08012003   Thumb Code   614  os_flag.o(.text)
    OSFlagPendGetFlagsRdy                    0x08012269   Thumb Code    26  os_flag.o(.text)
    OSFlagPost                               0x08012283   Thumb Code   312  os_flag.o(.text)
    OSFlagQuery                              0x080123bb   Thumb Code    48  os_flag.o(.text)
    OS_FlagInit                              0x080123eb   Thumb Code    78  os_flag.o(.text)
    OSMboxAccept                             0x08012445   Thumb Code    38  os_mbox.o(.text)
    OSMboxCreate                             0x0801246b   Thumb Code    72  os_mbox.o(.text)
    OSMboxDel                                0x080124b3   Thumb Code   210  os_mbox.o(.text)
    OSMboxPend                               0x08012585   Thumb Code   252  os_mbox.o(.text)
    OSMboxPendAbort                          0x08012681   Thumb Code   128  os_mbox.o(.text)
    OSMboxPost                               0x08012701   Thumb Code    80  os_mbox.o(.text)
    OSMboxPostOpt                            0x08012751   Thumb Code   120  os_mbox.o(.text)
    OSMboxQuery                              0x080127c9   Thumb Code    76  os_mbox.o(.text)
    OSMemCreate                              0x08012829   Thumb Code   118  os_mem.o(.text)
    OSMemGet                                 0x0801289f   Thumb Code    62  os_mem.o(.text)
    OSMemNameGet                             0x080128dd   Thumb Code    60  os_mem.o(.text)
    OSMemNameSet                             0x08012919   Thumb Code    48  os_mem.o(.text)
    OSMemPut                                 0x08012949   Thumb Code    54  os_mem.o(.text)
    OSMemQuery                               0x0801297f   Thumb Code    52  os_mem.o(.text)
    OS_MemInit                               0x080129b3   Thumb Code    74  os_mem.o(.text)
    OSQAccept                                0x08012a0d   Thumb Code    88  os_q.o(.text)
    OSQCreate                                0x08012a65   Thumb Code   144  os_q.o(.text)
    OSQDel                                   0x08012af5   Thumb Code   244  os_q.o(.text)
    OSQFlush                                 0x08012be9   Thumb Code    36  os_q.o(.text)
    OSQPend                                  0x08012c0d   Thumb Code   278  os_q.o(.text)
    OSQPendAbort                             0x08012d23   Thumb Code   128  os_q.o(.text)
    OSQPost                                  0x08012da3   Thumb Code   114  os_q.o(.text)
    OSQPostFront                             0x08012e15   Thumb Code   142  os_q.o(.text)
    OSQPostOpt                               0x08012ea3   Thumb Code   182  os_q.o(.text)
    OSQQuery                                 0x08012f59   Thumb Code    98  os_q.o(.text)
    OS_QInit                                 0x08012fbb   Thumb Code    72  os_q.o(.text)
    OSSemAccept                              0x0801300d   Thumb Code    42  os_sem.o(.text)
    OSSemCreate                              0x08013037   Thumb Code    72  os_sem.o(.text)
    OSSemDel                                 0x0801307f   Thumb Code   210  os_sem.o(.text)
    OSSemPend                                0x08013151   Thumb Code   228  os_sem.o(.text)
    OSSemPendAbort                           0x08013235   Thumb Code   128  os_sem.o(.text)
    OSSemPost                                0x080132b5   Thumb Code    88  os_sem.o(.text)
    OSSemQuery                               0x0801330d   Thumb Code    76  os_sem.o(.text)
    OSSemSet                                 0x08013359   Thumb Code    66  os_sem.o(.text)
    OSTaskChangePrio                         0x080133b1   Thumb Code   396  os_task.o(.text)
    OSTaskCreate                             0x0801353d   Thumb Code   148  os_task.o(.text)
    OS_TaskStkClr                            0x080135d1   Thumb Code    26  os_task.o(.text)
    OSTaskCreateExt                          0x080135eb   Thumb Code   170  os_task.o(.text)
    OSTaskDel                                0x08013695   Thumb Code   352  os_task.o(.text)
    OSTaskDelReq                             0x080137f5   Thumb Code   100  os_task.o(.text)
    OSTaskNameGet                            0x08013859   Thumb Code   114  os_task.o(.text)
    OSTaskNameSet                            0x080138cb   Thumb Code    98  os_task.o(.text)
    OSTaskResume                             0x0801392d   Thumb Code   160  os_task.o(.text)
    OSTaskStkChk                             0x080139cd   Thumb Code   132  os_task.o(.text)
    OSTaskSuspend                            0x08013a51   Thumb Code   152  os_task.o(.text)
    OSTaskQuery                              0x08013ae9   Thumb Code    82  os_task.o(.text)
    OSTaskRegGet                             0x08013b3b   Thumb Code    60  os_task.o(.text)
    OSTaskRegSet                             0x08013b77   Thumb Code    62  os_task.o(.text)
    OS_TaskReturn                            0x08013bb5   Thumb Code    10  os_task.o(.text)
    OSTimeDly                                0x08013bd9   Thumb Code   100  os_time.o(.text)
    OSTimeDlyHMSM                            0x08013c3d   Thumb Code    86  os_time.o(.text)
    OSTimeDlyResume                          0x08013c93   Thumb Code   176  os_time.o(.text)
    OSTimeGet                                0x08013d43   Thumb Code    24  os_time.o(.text)
    OSTimeSet                                0x08013d5b   Thumb Code    24  os_time.o(.text)
    OS_CPU_SR_Save                           0x08013d91   Thumb Code     0  os_cpu_a.o(.text)
    OS_CPU_SR_Restore                        0x08013d99   Thumb Code     0  os_cpu_a.o(.text)
    OSStartHighRdy                           0x08013d9f   Thumb Code     0  os_cpu_a.o(.text)
    OSCtxSw                                  0x08013dbf   Thumb Code     0  os_cpu_a.o(.text)
    OSIntCtxSw                               0x08013dc9   Thumb Code     0  os_cpu_a.o(.text)
    PendSV_Handler                           0x08013dd3   Thumb Code     0  os_cpu_a.o(.text)
    CPU_IntDis                               0x08013e15   Thumb Code     0  os_cpu_a.o(.text)
    CPU_IntEn                                0x08013e19   Thumb Code     0  os_cpu_a.o(.text)
    Set_MAC_Address                          0x08013e3d   Thumb Code    40  ethernetif.o(.text)
    ETH_TxPkt_ChainMode                      0x08013ef3   Thumb Code    94  ethernetif.o(.text)
    ETH_GetCurrentTxBuffer                   0x08013f51   Thumb Code     8  ethernetif.o(.text)
    ETH_RxPkt_ChainMode                      0x08013f8d   Thumb Code   148  ethernetif.o(.text)
    ethernetif_input                         0x0801408f   Thumb Code    44  ethernetif.o(.text)
    ethernetif_init                          0x080140bb   Thumb Code    82  ethernetif.o(.text)
    ETH_Process_ISR                          0x0801410d   Thumb Code    26  ethernetif.o(.text)
    sys_mbox_new                             0x080141b1   Thumb Code   132  sys_arch.o(.text)
    sys_mbox_free                            0x08014235   Thumb Code   114  sys_arch.o(.text)
    sys_mbox_post                            0x080142a7   Thumb Code    28  sys_arch.o(.text)
    sys_mbox_trypost                         0x080142c3   Thumb Code    32  sys_arch.o(.text)
    sys_arch_mbox_fetch                      0x080142e3   Thumb Code   158  sys_arch.o(.text)
    sys_arch_mbox_tryfetch                   0x08014381   Thumb Code    18  sys_arch.o(.text)
    sys_mbox_valid                           0x08014393   Thumb Code    56  sys_arch.o(.text)
    sys_mbox_set_invalid                     0x080143cb   Thumb Code     6  sys_arch.o(.text)
    sys_sem_new                              0x080143d1   Thumb Code    62  sys_arch.o(.text)
    sys_arch_sem_wait                        0x0801440f   Thumb Code   100  sys_arch.o(.text)
    sys_sem_signal                           0x08014473   Thumb Code    12  sys_arch.o(.text)
    sys_sem_free                             0x0801447f   Thumb Code    54  sys_arch.o(.text)
    sys_sem_valid                            0x080144b5   Thumb Code    22  sys_arch.o(.text)
    sys_sem_set_invalid                      0x080144cb   Thumb Code     6  sys_arch.o(.text)
    sys_init                                 0x080144d1   Thumb Code    72  sys_arch.o(.text)
    sys_thread_new                           0x08014519   Thumb Code   344  sys_arch.o(.text)
    sys_now                                  0x08014671   Thumb Code    28  sys_arch.o(.text)
    netconn_new_with_proto_and_callback      0x0801468d   Thumb Code   194  api_lib.o(.text)
    netconn_delete                           0x0801474f   Thumb Code    36  api_lib.o(.text)
    netconn_getaddr                          0x08014773   Thumb Code   160  api_lib.o(.text)
    netconn_bind                             0x08014813   Thumb Code    98  api_lib.o(.text)
    netconn_connect                          0x08014875   Thumb Code    98  api_lib.o(.text)
    netconn_disconnect                       0x080148d7   Thumb Code    84  api_lib.o(.text)
    netconn_listen_with_backlog              0x0801492b   Thumb Code    86  api_lib.o(.text)
    netconn_accept                           0x08014981   Thumb Code   798  api_lib.o(.text)
    netconn_recv_tcp_pbuf                    0x08014e0f   Thumb Code    56  api_lib.o(.text)
    netconn_recv                             0x08014e47   Thumb Code   268  api_lib.o(.text)
    netconn_recved                           0x08014f53   Thumb Code    46  api_lib.o(.text)
    netconn_send                             0x08014f81   Thumb Code    94  api_lib.o(.text)
    netconn_sendto                           0x08014fdf   Thumb Code    44  api_lib.o(.text)
    netconn_write_partly                     0x0801500b   Thumb Code   440  api_lib.o(.text)
    netconn_close                            0x08015223   Thumb Code    14  api_lib.o(.text)
    netconn_shutdown                         0x08015231   Thumb Code    36  api_lib.o(.text)
    netconn_free                             0x08015c47   Thumb Code   330  api_msg.o(.text)
    netconn_alloc                            0x08015d91   Thumb Code   172  api_msg.o(.text)
    do_newconn                               0x08015f97   Thumb Code    32  api_msg.o(.text)
    do_delconn                               0x0801607f   Thumb Code   638  api_msg.o(.text)
    do_bind                                  0x080162fd   Thumb Code   116  api_msg.o(.text)
    do_connect                               0x08016443   Thumb Code   230  api_msg.o(.text)
    do_disconnect                            0x08016529   Thumb Code    46  api_msg.o(.text)
    do_listen                                0x08016557   Thumb Code   390  api_msg.o(.text)
    do_send                                  0x080166dd   Thumb Code   166  api_msg.o(.text)
    do_recv                                  0x08016783   Thumb Code    72  api_msg.o(.text)
    do_write                                 0x080167cb   Thumb Code   166  api_msg.o(.text)
    do_getaddr                               0x08016871   Thumb Code   198  api_msg.o(.text)
    do_close                                 0x08016937   Thumb Code   184  api_msg.o(.text)
    netbuf_new                               0x08016a21   Thumb Code    30  netbuf.o(.text)
    netbuf_delete                            0x08016a3f   Thumb Code    32  netbuf.o(.text)
    netbuf_alloc                             0x08016a5f   Thumb Code   102  netbuf.o(.text)
    netbuf_free                              0x08016ac5   Thumb Code    48  netbuf.o(.text)
    netbuf_ref                               0x08016af5   Thumb Code    90  netbuf.o(.text)
    netbuf_chain                             0x08016b4f   Thumb Code    78  netbuf.o(.text)
    netbuf_data                              0x08016b9d   Thumb Code   122  netbuf.o(.text)
    netbuf_next                              0x08016c17   Thumb Code    64  netbuf.o(.text)
    netbuf_first                             0x08016c57   Thumb Code    36  netbuf.o(.text)
    lwip_socket_init                         0x08016dcd   Thumb Code     2  sockets.o(.text)
    lwip_accept                              0x08017071   Thumb Code   628  sockets.o(.text)
    lwip_bind                                0x080172e5   Thumb Code   164  sockets.o(.text)
    lwip_close                               0x08017389   Thumb Code    90  sockets.o(.text)
    lwip_connect                             0x080173e3   Thumb Code   180  sockets.o(.text)
    lwip_listen                              0x08017497   Thumb Code   128  sockets.o(.text)
    lwip_recvfrom                            0x08017517   Thumb Code   780  sockets.o(.text)
    lwip_read                                0x08017823   Thumb Code    28  sockets.o(.text)
    lwip_recv                                0x0801783f   Thumb Code    34  sockets.o(.text)
    lwip_sendto                              0x08017861   Thumb Code   264  sockets.o(.text)
    lwip_send                                0x08017969   Thumb Code   148  sockets.o(.text)
    lwip_socket                              0x080179fd   Thumb Code   142  sockets.o(.text)
    lwip_write                               0x08017a8b   Thumb Code    22  sockets.o(.text)
    lwip_select                              0x08017c89   Thumb Code   844  sockets.o(.text)
    lwip_shutdown                            0x08017fd5   Thumb Code   298  sockets.o(.text)
    lwip_getpeername                         0x08018175   Thumb Code    22  sockets.o(.text)
    lwip_getsockname                         0x0801818b   Thumb Code    22  sockets.o(.text)
    lwip_getsockopt                          0x0801836b   Thumb Code   332  sockets.o(.text)
    lwip_setsockopt                          0x0801868d   Thumb Code   298  sockets.o(.text)
    lwip_ioctl                               0x080187b7   Thumb Code   108  sockets.o(.text)
    lwip_fcntl                               0x08018823   Thumb Code   122  sockets.o(.text)
    tcpip_input                              0x08018973   Thumb Code    72  tcpip.o(.text)
    tcpip_callback_with_block                0x080189bb   Thumb Code    90  tcpip.o(.text)
    tcpip_timeout                            0x08018a15   Thumb Code    64  tcpip.o(.text)
    tcpip_untimeout                          0x08018a55   Thumb Code    56  tcpip.o(.text)
    tcpip_apimsg                             0x08018a8d   Thumb Code    56  tcpip.o(.text)
    tcpip_callbackmsg_new                    0x08018ac5   Thumb Code    32  tcpip.o(.text)
    tcpip_callbackmsg_delete                 0x08018ae5   Thumb Code    14  tcpip.o(.text)
    tcpip_trycallback                        0x08018af3   Thumb Code    28  tcpip.o(.text)
    tcpip_init                               0x08018b0f   Thumb Code    70  tcpip.o(.text)
    pbuf_free_callback                       0x08018b63   Thumb Code    16  tcpip.o(.text)
    mem_free_callback                        0x08018b73   Thumb Code    16  tcpip.o(.text)
    icmp_input                               0x08018c39   Thumb Code   474  icmp.o(.text)
    icmp_dest_unreach                        0x08018e9b   Thumb Code    18  icmp.o(.text)
    icmp_time_exceeded                       0x08018ead   Thumb Code    18  icmp.o(.text)
    inet_chksum_pseudo                       0x0801908f   Thumb Code   162  inet_chksum.o(.text)
    inet_chksum_pseudo_partial               0x08019131   Thumb Code   210  inet_chksum.o(.text)
    inet_chksum                              0x08019203   Thumb Code    20  inet_chksum.o(.text)
    inet_chksum_pbuf                         0x08019217   Thumb Code    86  inet_chksum.o(.text)
    ip_route                                 0x080192cd   Thumb Code    76  ip.o(.text)
    ip_input                                 0x08019319   Thumb Code   376  ip.o(.text)
    ip_output_if                             0x08019491   Thumb Code   240  ip.o(.text)
    ip_output                                0x08019581   Thumb Code    80  ip.o(.text)
    ip4_addr_isbroadcast                     0x08019675   Thumb Code    78  ip_addr.o(.text)
    ip4_addr_netmask_valid                   0x080196c3   Thumb Code    52  ip_addr.o(.text)
    ipaddr_aton                              0x080196f7   Thumb Code   364  ip_addr.o(.text)
    ipaddr_addr                              0x08019863   Thumb Code    24  ip_addr.o(.text)
    ipaddr_ntoa_r                            0x0801987b   Thumb Code   168  ip_addr.o(.text)
    ipaddr_ntoa                              0x08019923   Thumb Code    16  ip_addr.o(.text)
    ip_reass_tmr                             0x08019ae3   Thumb Code    48  ip_frag.o(.text)
    ip_reass                                 0x08019f15   Thumb Code   386  ip_frag.o(.text)
    ip_frag                                  0x0801a11d   Thumb Code   618  ip_frag.o(.text)
    lwip_init                                0x0801a387   Thumb Code    36  init.o(.text)
    mem_init                                 0x0801a487   Thumb Code   108  mem.o(.text)
    mem_free                                 0x0801a4f3   Thumb Code   174  mem.o(.text)
    mem_trim                                 0x0801a5a1   Thumb Code   334  mem.o(.text)
    mem_malloc                               0x0801a6ef   Thumb Code   784  mem.o(.text)
    mem_calloc                               0x0801a9ff   Thumb Code    34  mem.o(.text)
    memp_get_memorysize                      0x0801aad1   Thumb Code     8  memp.o(.text)
    memp_init                                0x0801aad9   Thumb Code    82  memp.o(.text)
    memp_malloc                              0x0801ab2b   Thumb Code    98  memp.o(.text)
    memp_free                                0x0801ab8d   Thumb Code    74  memp.o(.text)
    netif_init                               0x0801ac95   Thumb Code     2  netif.o(.text)
    netif_set_gw                             0x0801ac97   Thumb Code    12  netif.o(.text)
    netif_set_netmask                        0x0801aca3   Thumb Code    12  netif.o(.text)
    netif_set_ipaddr                         0x0801acaf   Thumb Code   110  netif.o(.text)
    netif_set_addr                           0x0801ad1d   Thumb Code    40  netif.o(.text)
    netif_add                                0x0801ad45   Thumb Code   118  netif.o(.text)
    netif_set_default                        0x0801adbb   Thumb Code     6  netif.o(.text)
    netif_set_down                           0x0801adc1   Thumb Code    42  netif.o(.text)
    netif_remove                             0x0801adeb   Thumb Code    90  netif.o(.text)
    netif_find                               0x0801ae45   Thumb Code    64  netif.o(.text)
    netif_set_up                             0x0801ae85   Thumb Code    54  netif.o(.text)
    netif_set_link_up                        0x0801aebb   Thumb Code    54  netif.o(.text)
    netif_set_link_down                      0x0801aef1   Thumb Code    24  netif.o(.text)
    pbuf_free                                0x0801affd   Thumb Code   254  pbuf.o(.text)
    pbuf_alloc                               0x0801b0fb   Thumb Code  1152  pbuf.o(.text)
    pbuf_alloced_custom                      0x0801b57b   Thumb Code   144  pbuf.o(.text)
    pbuf_realloc                             0x0801b60b   Thumb Code   268  pbuf.o(.text)
    pbuf_header                              0x0801b717   Thumb Code   206  pbuf.o(.text)
    pbuf_clen                                0x0801b7e5   Thumb Code    18  pbuf.o(.text)
    pbuf_ref                                 0x0801b7f7   Thumb Code    26  pbuf.o(.text)
    pbuf_cat                                 0x0801b811   Thumb Code   138  pbuf.o(.text)
    pbuf_chain                               0x0801b89b   Thumb Code    22  pbuf.o(.text)
    pbuf_dechain                             0x0801b8b1   Thumb Code   122  pbuf.o(.text)
    pbuf_copy                                0x0801b92b   Thumb Code   782  pbuf.o(.text)
    pbuf_copy_partial                        0x0801bc39   Thumb Code   190  pbuf.o(.text)
    pbuf_take                                0x0801bcf7   Thumb Code   210  pbuf.o(.text)
    pbuf_coalesce                            0x0801bdc9   Thumb Code    84  pbuf.o(.text)
    pbuf_get_at                              0x0801be1d   Thumb Code    46  pbuf.o(.text)
    pbuf_memcmp                              0x0801be4b   Thumb Code    96  pbuf.o(.text)
    pbuf_memfind                             0x0801beab   Thumb Code    76  pbuf.o(.text)
    pbuf_strstr                              0x0801bef7   Thumb Code    60  pbuf.o(.text)
    raw_input                                0x0801c061   Thumb Code   102  raw.o(.text)
    raw_bind                                 0x0801c0c7   Thumb Code    16  raw.o(.text)
    raw_connect                              0x0801c0d7   Thumb Code    16  raw.o(.text)
    raw_recv                                 0x0801c0e7   Thumb Code     6  raw.o(.text)
    raw_sendto                               0x0801c0ed   Thumb Code   178  raw.o(.text)
    raw_send                                 0x0801c19f   Thumb Code    18  raw.o(.text)
    raw_remove                               0x0801c1b1   Thumb Code    60  raw.o(.text)
    raw_new                                  0x0801c1ed   Thumb Code    42  raw.o(.text)
    tcp_init                                 0x0801c295   Thumb Code     2  tcp.o(.text)
    tcp_seg_free                             0x0801c297   Thumb Code    26  tcp.o(.text)
    tcp_segs_free                            0x0801c2b1   Thumb Code    24  tcp.o(.text)
    tcp_pcb_purge                            0x0801c2c9   Thumb Code    72  tcp.o(.text)
    tcp_slowtmr                              0x0801c311   Thumb Code  1384  tcp.o(.text)
    tcp_pcb_remove                           0x0801c879   Thumb Code   222  tcp.o(.text)
    tcp_close                                0x0801cb23   Thumb Code    28  tcp.o(.text)
    tcp_update_rcv_ann_wnd                   0x0801cb3f   Thumb Code   394  tcp.o(.text)
    tcp_recved                               0x0801ccc9   Thumb Code   132  tcp.o(.text)
    tcp_recv_null                            0x0801cd4d   Thumb Code    46  tcp.o(.text)
    tcp_process_refused_data                 0x0801cd7b   Thumb Code   144  tcp.o(.text)
    tcp_fasttmr                              0x0801ce0b   Thumb Code   110  tcp.o(.text)
    tcp_tmr                                  0x0801ce79   Thumb Code    30  tcp.o(.text)
    tcp_shutdown                             0x0801ce97   Thumb Code    98  tcp.o(.text)
    tcp_abandon                              0x0801cef9   Thumb Code   174  tcp.o(.text)
    tcp_abort                                0x0801cfa7   Thumb Code    14  tcp.o(.text)
    tcp_bind                                 0x0801d015   Thumb Code   368  tcp.o(.text)
    tcp_listen_with_backlog                  0x0801d18d   Thumb Code   222  tcp.o(.text)
    tcp_eff_send_mss                         0x0801d26b   Thumb Code    46  tcp.o(.text)
    tcp_next_iss                             0x0801d299   Thumb Code    20  tcp.o(.text)
    tcp_connect                              0x0801d2ad   Thumb Code   352  tcp.o(.text)
    tcp_setprio                              0x0801d40d   Thumb Code     4  tcp.o(.text)
    tcp_seg_copy                             0x0801d411   Thumb Code    36  tcp.o(.text)
    tcp_alloc                                0x0801d4b3   Thumb Code   194  tcp.o(.text)
    tcp_new                                  0x0801d575   Thumb Code    10  tcp.o(.text)
    tcp_arg                                  0x0801d57f   Thumb Code   134  tcp.o(.text)
    tcp_recv                                 0x0801d605   Thumb Code    44  tcp.o(.text)
    tcp_sent                                 0x0801d631   Thumb Code    42  tcp.o(.text)
    tcp_err                                  0x0801d65b   Thumb Code    44  tcp.o(.text)
    tcp_accept                               0x0801d687   Thumb Code     4  tcp.o(.text)
    tcp_poll                                 0x0801d68b   Thumb Code    50  tcp.o(.text)
    tcp_debug_state_str                      0x0801d6bd   Thumb Code    10  tcp.o(.text)
    tcp_input                                0x0801edbd   Thumb Code  1646  tcp_in.o(.text)
    tcp_enqueue_flags                        0x0801f591   Thumb Code   396  tcp_out.o(.text)
    tcp_send_fin                             0x0801f71d   Thumb Code    74  tcp_out.o(.text)
    tcp_write                                0x0801f9eb   Thumb Code  1562  tcp_out.o(.text)
    tcp_send_empty_ack                       0x08020005   Thumb Code    78  tcp_out.o(.text)
    tcp_output                               0x0802011b   Thumb Code   662  tcp_out.o(.text)
    tcp_rst                                  0x080203b1   Thumb Code   154  tcp_out.o(.text)
    tcp_rexmit_rto                           0x0802044b   Thumb Code    58  tcp_out.o(.text)
    tcp_rexmit                               0x08020485   Thumb Code    90  tcp_out.o(.text)
    tcp_rexmit_fast                          0x080204df   Thumb Code   112  tcp_out.o(.text)
    tcp_keepalive                            0x0802054f   Thumb Code    68  tcp_out.o(.text)
    tcp_zero_window_probe                    0x08020593   Thumb Code   164  tcp_out.o(.text)
    udp_init                                 0x08020639   Thumb Code     2  udp.o(.text)
    udp_input                                0x0802068b   Thumb Code   434  udp.o(.text)
    udp_bind                                 0x0802083d   Thumb Code   146  udp.o(.text)
    udp_sendto_if                            0x080208cf   Thumb Code   230  udp.o(.text)
    udp_sendto                               0x080209b5   Thumb Code    46  udp.o(.text)
    udp_send                                 0x080209e3   Thumb Code    20  udp.o(.text)
    udp_connect                              0x080209f7   Thumb Code   288  udp.o(.text)
    udp_disconnect                           0x08020b17   Thumb Code    16  udp.o(.text)
    udp_recv                                 0x08020b27   Thumb Code     6  udp.o(.text)
    udp_remove                               0x08020b2d   Thumb Code    60  udp.o(.text)
    udp_new                                  0x08020b69   Thumb Code    28  udp.o(.text)
    lwip_htons                               0x08020b89   Thumb Code    12  def.o(.text)
    lwip_ntohs                               0x08020b95   Thumb Code    12  def.o(.text)
    lwip_htonl                               0x08020ba1   Thumb Code    26  def.o(.text)
    lwip_ntohl                               0x08020bbb   Thumb Code    12  def.o(.text)
    sys_timeout                              0x08020bc9   Thumb Code   174  timers.o(.text)
    tcp_timer_needed                         0x08020c9f   Thumb Code    38  timers.o(.text)
    sys_timeouts_init                        0x08020cf1   Thumb Code    28  timers.o(.text)
    sys_untimeout                            0x08020d0d   Thumb Code    90  timers.o(.text)
    sys_timeouts_mbox_fetch                  0x08020d67   Thumb Code   132  timers.o(.text)
    etharp_tmr                               0x08020ecf   Thumb Code   136  etharp.o(.text)
    etharp_cleanup_netif                     0x08021259   Thumb Code   328  etharp.o(.text)
    etharp_find_addr                         0x080213a1   Thumb Code   110  etharp.o(.text)
    etharp_request                           0x0802164b   Thumb Code    36  etharp.o(.text)
    etharp_query                             0x080216fd   Thumb Code   620  etharp.o(.text)
    etharp_output                            0x08021969   Thumb Code   388  etharp.o(.text)
    ethernet_input                           0x08021aed   Thumb Code   200  etharp.o(.text)
    Display_IPAddress                        0x08021c9d   Thumb Code   100  lwip.o(.text)
    Init_LwIP                                0x08021d01   Thumb Code   118  lwip.o(.text)
    LwIP_Pkt_Handle                          0x08021d77   Thumb Code    10  lwip.o(.text)
    LwIP_Periodic_Handle                     0x08021d81   Thumb Code    60  lwip.o(.text)
    localtime                                0x08021e55   Thumb Code   124  localtime.o(.text)
    __aeabi_memcpy                           0x08021ed9   Thumb Code    36  memcpya.o(.text)
    __aeabi_memcpy4                          0x08021ed9   Thumb Code     0  memcpya.o(.text)
    __aeabi_memcpy8                          0x08021ed9   Thumb Code     0  memcpya.o(.text)
    __aeabi_memset                           0x08021efd   Thumb Code    14  memseta.o(.text)
    __aeabi_memset4                          0x08021efd   Thumb Code     0  memseta.o(.text)
    __aeabi_memset8                          0x08021efd   Thumb Code     0  memseta.o(.text)
    __aeabi_memclr                           0x08021f0b   Thumb Code     4  memseta.o(.text)
    __aeabi_memclr4                          0x08021f0b   Thumb Code     0  memseta.o(.text)
    __aeabi_memclr8                          0x08021f0b   Thumb Code     0  memseta.o(.text)
    _memset$wrapper                          0x08021f0f   Thumb Code    18  memseta.o(.text)
    strstr                                   0x08021f21   Thumb Code    36  strstr.o(.text)
    strlen                                   0x08021f45   Thumb Code    14  strlen.o(.text)
    memcmp                                   0x08021f53   Thumb Code    26  memcmp.o(.text)
    strcpy                                   0x08021f6d   Thumb Code    18  strcpy.o(.text)
    strncmp                                  0x08021f7f   Thumb Code    30  strncmp.o(.text)
    __0sscanf                                0x08021f9d   Thumb Code    48  __0sscanf.o(.text)
    _scanf_int                               0x08021fd5   Thumb Code   336  _scanf_int.o(.text)
    atoi                                     0x08022125   Thumb Code    26  atoi.o(.text)
    __aeabi_fadd                             0x0802213f   Thumb Code   164  fadd.o(.text)
    __aeabi_fsub                             0x080221e3   Thumb Code     6  fadd.o(.text)
    __aeabi_frsub                            0x080221e9   Thumb Code     6  fadd.o(.text)
    __aeabi_fmul                             0x080221ef   Thumb Code   108  fmul.o(.text)
    __aeabi_fdiv                             0x0802225b   Thumb Code   128  fdiv.o(.text)
    __aeabi_dadd                             0x080222db   Thumb Code   322  dadd.o(.text)
    __aeabi_dsub                             0x0802241d   Thumb Code     6  dadd.o(.text)
    __aeabi_drsub                            0x08022423   Thumb Code     6  dadd.o(.text)
    __aeabi_dmul                             0x08022429   Thumb Code   228  dmul.o(.text)
    __aeabi_ddiv                             0x0802250d   Thumb Code   222  ddiv.o(.text)
    __aeabi_i2f                              0x080225eb   Thumb Code    18  fflti.o(.text)
    __aeabi_i2d                              0x080225fd   Thumb Code    34  dflti.o(.text)
    __aeabi_f2iz                             0x0802261f   Thumb Code    50  ffixi.o(.text)
    __aeabi_d2iz                             0x08022651   Thumb Code    62  dfixi.o(.text)
    __aeabi_f2d                              0x0802268f   Thumb Code    38  f2d.o(.text)
    __aeabi_cdcmpeq                          0x080226b5   Thumb Code     0  cdcmple.o(.text)
    __aeabi_cdcmple                          0x080226b5   Thumb Code    38  cdcmple.o(.text)
    __aeabi_d2f                              0x080226dd   Thumb Code    56  d2f.o(.text)
    __aeabi_cfcmpeq                          0x08022715   Thumb Code     0  cfcmple.o(.text)
    __aeabi_cfcmple                          0x08022715   Thumb Code    20  cfcmple.o(.text)
    __aeabi_cfrcmple                         0x08022729   Thumb Code    20  cfrcmple.o(.text)
    __aeabi_uidiv                            0x0802273d   Thumb Code     0  uidiv.o(.text)
    __aeabi_uidivmod                         0x0802273d   Thumb Code    44  uidiv.o(.text)
    __aeabi_uldivmod                         0x08022769   Thumb Code    98  uldiv.o(.text)
    __aeabi_llsl                             0x080227cb   Thumb Code    30  llshl.o(.text)
    _ll_shift_l                              0x080227cb   Thumb Code     0  llshl.o(.text)
    __aeabi_llsr                             0x080227e9   Thumb Code    32  llushr.o(.text)
    _ll_ushift_r                             0x080227e9   Thumb Code     0  llushr.o(.text)
    __aeabi_lasr                             0x08022809   Thumb Code    36  llsshr.o(.text)
    _ll_sshift_r                             0x08022809   Thumb Code     0  llsshr.o(.text)
    _chval                                   0x0802282d   Thumb Code    28  _chval.o(.text)
    __vfscanf_char                           0x08022855   Thumb Code    20  scanf_char.o(.text)
    _sgetc                                   0x08022871   Thumb Code    30  _sgetc.o(.text)
    _sbackspace                              0x0802288f   Thumb Code    34  _sgetc.o(.text)
    strtol                                   0x080228b1   Thumb Code   112  strtol.o(.text)
    __I$use$fp                               0x08022921   Thumb Code     0  iusefp.o(.text)
    _float_round                             0x08022921   Thumb Code    18  fepilogue.o(.text)
    _float_epilogue                          0x08022933   Thumb Code    90  fepilogue.o(.text)
    _double_round                            0x0802298d   Thumb Code    26  depilogue.o(.text)
    _double_epilogue                         0x080229a7   Thumb Code   164  depilogue.o(.text)
    __aeabi_d2ulz                            0x08022a4b   Thumb Code    48  dfixul.o(.text)
    __aeabi_cdrcmple                         0x08022a7d   Thumb Code    38  cdrcmple.o(.text)
    __scatterload                            0x08022aa5   Thumb Code    28  init.o(.text)
    __scatterload_rt2                        0x08022aa5   Thumb Code     0  init.o(.text)
    __rt_ctype_table                         0x08022ac9   Thumb Code     4  ctype_o.o(.text)
    isspace                                  0x08022ad1   Thumb Code    18  isspace_o.o(.text)
    __vfscanf                                0x08022ae5   Thumb Code   806  _scanf.o(.text)
    _strtoul                                 0x08022e11   Thumb Code   158  _strtoul.o(.text)
    __decompress                             0x08022eaf   Thumb Code     0  __dczerorl2.o(.text)
    __decompress1                            0x08022eaf   Thumb Code    92  __dczerorl2.o(.text)
    __0printf                                0x08022f0d   Thumb Code    22  printfa.o(i.__0printf)
    __1printf                                0x08022f0d   Thumb Code     0  printfa.o(i.__0printf)
    __2printf                                0x08022f0d   Thumb Code     0  printfa.o(i.__0printf)
    __c89printf                              0x08022f0d   Thumb Code     0  printfa.o(i.__0printf)
    printf                                   0x08022f0d   Thumb Code     0  printfa.o(i.__0printf)
    __0sprintf                               0x08022f2d   Thumb Code    34  printfa.o(i.__0sprintf)
    __1sprintf                               0x08022f2d   Thumb Code     0  printfa.o(i.__0sprintf)
    __2sprintf                               0x08022f2d   Thumb Code     0  printfa.o(i.__0sprintf)
    __c89sprintf                             0x08022f2d   Thumb Code     0  printfa.o(i.__0sprintf)
    sprintf                                  0x08022f2d   Thumb Code     0  printfa.o(i.__0sprintf)
    __0vprintf                               0x08022f55   Thumb Code     8  printfa.o(i.__0vprintf)
    __1vprintf                               0x08022f55   Thumb Code     0  printfa.o(i.__0vprintf)
    __2vprintf                               0x08022f55   Thumb Code     0  printfa.o(i.__0vprintf)
    __c89vprintf                             0x08022f55   Thumb Code     0  printfa.o(i.__0vprintf)
    vprintf                                  0x08022f55   Thumb Code     0  printfa.o(i.__0vprintf)
    __0vsprintf                              0x08022f65   Thumb Code    30  printfa.o(i.__0vsprintf)
    __1vsprintf                              0x08022f65   Thumb Code     0  printfa.o(i.__0vsprintf)
    __2vsprintf                              0x08022f65   Thumb Code     0  printfa.o(i.__0vsprintf)
    __c89vsprintf                            0x08022f65   Thumb Code     0  printfa.o(i.__0vsprintf)
    vsprintf                                 0x08022f65   Thumb Code     0  printfa.o(i.__0vsprintf)
    __aeabi_errno_addr                       0x08022f89   Thumb Code     4  errno.o(i.__aeabi_errno_addr)
    __rt_errno_addr                          0x08022f89   Thumb Code     0  errno.o(i.__aeabi_errno_addr)
    __scatterload_copy                       0x08022f91   Thumb Code    14  handlers.o(i.__scatterload_copy)
    __scatterload_null                       0x08022f9f   Thumb Code     2  handlers.o(i.__scatterload_null)
    __scatterload_zeroinit                   0x08022fa1   Thumb Code    14  handlers.o(i.__scatterload_zeroinit)
    floor                                    0x0802385d   Thumb Code   204  floor.o(i.floor)
    cmd_ultrasonic                           0x08023a28   Data           4  hal_process_collect.o(.constdata)
    cmd_voltage                              0x08023a2c   Data           4  hal_process_collect.o(.constdata)
    cmd_laser_v1                             0x08023a30   Data           5  hal_process_collect.o(.constdata)
    cmd_laser_v2                             0x08023a35   Data           5  hal_process_collect.o(.constdata)
    cmd_laser_h1                             0x08023a3a   Data           5  hal_process_collect.o(.constdata)
    cmd_laser_h2                             0x08023a3f   Data           5  hal_process_collect.o(.constdata)
    OSUnMapTbl                               0x08023ad5   Data         256  os_core.o(.constdata)
    pvNullPointer                            0x08023bd8   Data           4  sys_arch.o(.constdata)
    ip_addr_any                              0x08023c1c   Data           4  ip_addr.o(.constdata)
    ip_addr_broadcast                        0x08023c20   Data           4  ip_addr.o(.constdata)
    tcp_state_str                            0x08023c5c   Data          44  tcp.o(.constdata)
    tcp_backoff                              0x08023c88   Data          13  tcp.o(.constdata)
    tcp_persist_backoff                      0x08023c95   Data           7  tcp.o(.constdata)
    tcp_pcb_lists                            0x08023c9c   Data          16  tcp.o(.constdata)
    ethbroadcast                             0x08023d04   Data           6  etharp.o(.constdata)
    ethzero                                  0x08023d0a   Data           6  etharp.o(.constdata)
    __ctype_table                            0x08023d60   Data         129  ctype_o.o(.constdata)
    Region$$Table$$Base                      0x08023e50   Number         0  anon$$obj.o(Region$$Table)
    Region$$Table$$Limit                     0x08023e70   Number         0  anon$$obj.o(Region$$Table)
    DBGMutexSem                              0x20000004   Data           4  main.o(.data)
    NetMutexSem                              0x20000008   Data           4  main.o(.data)
    USART1Mbox                               0x2000000c   Data           4  main.o(.data)
    USART2Mbox                               0x20000010   Data           4  main.o(.data)
    USART3Mbox                               0x20000014   Data           4  main.o(.data)
    UART4Mbox                                0x20000018   Data           4  main.o(.data)
    UART5Mbox                                0x2000001c   Data           4  main.o(.data)
    CANItMbox                                0x20000020   Data           4  main.o(.data)
    NetCmdMbox                               0x20000024   Data           4  main.o(.data)
    NetOutMbox                               0x20000028   Data           4  main.o(.data)
    DebugMbox                                0x2000002c   Data           4  main.o(.data)
    g_stopflag                               0x20000030   Data           1  hal_process_control.o(.data)
    g_activerdy                              0x20000031   Data           1  hal_process_control.o(.data)
    g_limitruntimeout                        0x20000034   Data           4  hal_process_control.o(.data)
    g_updata_timeout                         0x20000124   Data           4  hal_process_serves.o(.data)
    g_movelimitcout                          0x20000140   Data           4  hal_process_collect.o(.data)
    g_bedlimitflag                           0x20000144   Data           1  hal_process_collect.o(.data)
    Led_flag                                 0x20000164   Data           4  patrol_control.o(.data)
    tempdisF                                 0x20000168   Data           4  patrol_control.o(.data)
    tempdisB                                 0x2000016c   Data           4  patrol_control.o(.data)
    tempdisL                                 0x20000170   Data           4  patrol_control.o(.data)
    tempdisR                                 0x20000174   Data           4  patrol_control.o(.data)
    l_dis                                    0x20000180   Data           4  patrol_control.o(.data)
    PidData                                  0x20000184   Data           4  patrol_control.o(.data)
    m_LoseLineNub                            0x20000188   Data           4  patrol_control.o(.data)
    rIn                                      0x2000018c   Data           4  patrol_control.o(.data)
    disF                                     0x20000190   Data           4  patrol_control.o(.data)
    disB                                     0x20000194   Data           4  patrol_control.o(.data)
    g_u5time                                 0x2000019c   Data           4  bsp_usart.o(.data)
    SPIFlash_Status                          0x200001a0   Data           1  bsp_spi.o(.data)
    SystemCoreClock                          0x200001a8   Data           4  system_stm32f10x.o(.data)
    AHBPrescTable                            0x200001ac   Data          16  system_stm32f10x.o(.data)
    DMATxDescToSet                           0x200001bc   Data           4  stm32_eth.o(.data)
    DMARxDescToGet                           0x200001c0   Data           4  stm32_eth.o(.data)
    DMAPTPTxDescToSet                        0x200001c4   Data           4  stm32_eth.o(.data)
    DMAPTPRxDescToGet                        0x200001c8   Data           4  stm32_eth.o(.data)
    OSCtxSwCtr                               0x200001e0   Data           4  os_core.o(.data)
    OSEventFreeList                          0x200001e4   Data           4  os_core.o(.data)
    OSFlagFreeList                           0x200001e8   Data           4  os_core.o(.data)
    OSCPUUsage                               0x200001ec   Data           1  os_core.o(.data)
    OSIdleCtrMax                             0x200001f0   Data           4  os_core.o(.data)
    OSIdleCtrRun                             0x200001f4   Data           4  os_core.o(.data)
    OSStatRdy                                0x200001f8   Data           1  os_core.o(.data)
    OSIntNesting                             0x200001f9   Data           1  os_core.o(.data)
    OSLockNesting                            0x200001fa   Data           1  os_core.o(.data)
    OSPrioCur                                0x200001fb   Data           1  os_core.o(.data)
    OSPrioHighRdy                            0x200001fc   Data           1  os_core.o(.data)
    OSRdyGrp                                 0x200001fd   Data           1  os_core.o(.data)
    OSRdyTbl                                 0x200001fe   Data           8  os_core.o(.data)
    OSRunning                                0x20000206   Data           1  os_core.o(.data)
    OSTaskCtr                                0x20000207   Data           1  os_core.o(.data)
    OSIdleCtr                                0x20000208   Data           4  os_core.o(.data)
    OSTCBCur                                 0x2000020c   Data           4  os_core.o(.data)
    OSTCBFreeList                            0x20000210   Data           4  os_core.o(.data)
    OSTCBHighRdy                             0x20000214   Data           4  os_core.o(.data)
    OSTCBList                                0x20000218   Data           4  os_core.o(.data)
    OSTickStepState                          0x2000021c   Data           1  os_core.o(.data)
    OSMemFreeList                            0x20000220   Data           4  os_core.o(.data)
    OSQFreeList                              0x20000224   Data           4  os_core.o(.data)
    OSTime                                   0x20000228   Data           4  os_core.o(.data)
    DMATxDesc                                0x2000022c   Data           4  ethernetif.o(.data)
    lwip_count                               0x20000230   Data           1  ethernetif.o(.data)
    tcp_end_time                             0x20000234   Data           4  ethernetif.o(.data)
    arp_end_time                             0x20000238   Data           4  ethernetif.o(.data)
    MACaddr                                  0x20000240   Data           6  ethernetif.o(.data)
    null_timeouts                            0x2000024c   Data           4  sys_arch.o(.data)
    current_netif                            0x20000264   Data           4  ip.o(.data)
    current_header                           0x20000268   Data           4  ip.o(.data)
    current_iphdr_src                        0x2000026c   Data           4  ip.o(.data)
    current_iphdr_dest                       0x20000270   Data           4  ip.o(.data)
    netif_list                               0x20000290   Data           4  netif.o(.data)
    netif_default                            0x20000294   Data           4  netif.o(.data)
    pbuf_free_ooseq_pending                  0x20000299   Data           1  pbuf.o(.data)
    tcp_ticks                                0x200002a8   Data           4  tcp.o(.data)
    tcp_bound_pcbs                           0x200002ac   Data           4  tcp.o(.data)
    tcp_listen_pcbs                          0x200002b0   Data           4  tcp.o(.data)
    tcp_active_pcbs                          0x200002b4   Data           4  tcp.o(.data)
    tcp_tw_pcbs                              0x200002b8   Data           4  tcp.o(.data)
    tcp_tmp_pcb                              0x200002bc   Data           4  tcp.o(.data)
    tcp_active_pcbs_changed                  0x200002c0   Data           1  tcp.o(.data)
    tcp_input_pcb                            0x200002e0   Data           4  tcp_in.o(.data)
    udp_pcbs                                 0x200002e8   Data           4  udp.o(.data)
    TCPTimer                                 0x200002fc   Data           4  lwip.o(.data)
    ARPTimer                                 0x20000300   Data           4  lwip.o(.data)
    lwip_localtime                           0x20000304   Data           4  lwip.o(.data)
    __stdout                                 0x20000308   Data           4  stdout.o(.data)
    g_netcmd                                 0x20001444   Data          36  hal_process_serves.o(.bss)
    tcp_server_recvbuf                       0x20001bd4   Data         600  hal_process_serves.o(.bss)
    tcp_server_sendbuf                       0x20001e2c   Data         600  hal_process_serves.o(.bss)
    g_data_acousto_optic                     0x20002084   Data          18  hal_process_collect.o(.bss)
    g_receive11                              0x20002096   Data          19  hal_process_collect.o(.bss)
    AD_IO                                    0x200020ac   Data          56  patrol_control.o(.bss)
    pid_value_f                              0x200020e4   Data          40  patrol_control.o(.bss)
    pid_value_b                              0x2000210c   Data          40  patrol_control.o(.bss)
    fPID                                     0x20002134   Data          28  patrol_control.o(.bss)
    bPID                                     0x20002150   Data          28  patrol_control.o(.bss)
    g_system_para                            0x2000216c   Data          28  bsp.o(.bss)
    g_canrecv_msg                            0x20002188   Data          20  bsp_can.o(.bss)
    usart3_rx                                0x2000219c   Data         101  bsp_usart.o(.bss)
    usart1_rx                                0x20002201   Data         101  bsp_usart.o(.bss)
    usart2_rx                                0x20002266   Data         101  bsp_usart.o(.bss)
    uart4_rx                                 0x200022cb   Data         101  bsp_usart.o(.bss)
    uart5_rx                                 0x20002330   Data         101  bsp_usart.o(.bss)
    OSEventTbl                               0x20002398   Data         960  os_core.o(.bss)
    OSFlagTbl                                0x20002758   Data          80  os_core.o(.bss)
    OSTaskStatStk                            0x200027a8   Data         512  os_core.o(.bss)
    OSTaskIdleStk                            0x200029a8   Data         512  os_core.o(.bss)
    OSTCBPrioTbl                             0x20002ba8   Data         256  os_core.o(.bss)
    OSTCBTbl                                 0x20002ca8   Data        2376  os_core.o(.bss)
    OSMemTbl                                 0x200035f0   Data         120  os_core.o(.bss)
    OSQTbl                                   0x20003668   Data          96  os_core.o(.bss)
    DMARxDscrTab                             0x200036c8   Data          64  ethernetif.o(.bss)
    DMATxDscrTab                             0x20003708   Data          32  ethernetif.o(.bss)
    Rx_Buff                                  0x20003728   Data        6080  ethernetif.o(.bss)
    Tx_Buff                                  0x20004ee8   Data        3040  ethernetif.o(.bss)
    LWIP_TASK_STK                            0x20005ac8   Data        3600  sys_arch.o(.bss)
    lwip_timeouts                            0x20006c24   Data          12  sys_arch.o(.bss)
    ram_heap                                 0x20006ca0   Data       16404  mem.o(.bss)
    __initial_sp                             0x2000fb00   Data           0  startup_stm32f10x_cl.o(STACK)



==============================================================================

Memory Map of the image

  Image Entry point : 0x08005151

  Load Region LR_IROM1 (Base: 0x08005000, Size: 0x0001f180, Max: 0x0003b000, ABSOLUTE, COMPRESSED[0x0001ef3c])

    Execution Region ER_IROM1 (Base: 0x08005000, Size: 0x0001ee70, Max: 0x0003b000, ABSOLUTE)

    Base Addr    Size         Type   Attr      Idx    E Section Name        Object

    0x08005000   0x00000150   Data   RO          635    RESET               startup_stm32f10x_cl.o
    0x08005150   0x00000000   Code   RO         1775  * .ARM.Collect$$$$00000000  mc_w.l(entry.o)
    0x08005150   0x00000004   Code   RO         2095    .ARM.Collect$$$$00000001  mc_w.l(entry2.o)
    0x08005154   0x00000004   Code   RO         2098    .ARM.Collect$$$$00000004  mc_w.l(entry5.o)
    0x08005158   0x00000000   Code   RO         2100    .ARM.Collect$$$$00000008  mc_w.l(entry7b.o)
    0x08005158   0x00000000   Code   RO         2102    .ARM.Collect$$$$0000000A  mc_w.l(entry8b.o)
    0x08005158   0x00000008   Code   RO         2103    .ARM.Collect$$$$0000000B  mc_w.l(entry9a.o)
    0x08005160   0x00000000   Code   RO         2105    .ARM.Collect$$$$0000000D  mc_w.l(entry10a.o)
    0x08005160   0x00000000   Code   RO         2107    .ARM.Collect$$$$0000000F  mc_w.l(entry11a.o)
    0x08005160   0x00000004   Code   RO         2096    .ARM.Collect$$$$00002712  mc_w.l(entry2.o)
    0x08005164   0x000002dc   Code   RO            1    .text               main.o
    0x08005440   0x00002e0e   Code   RO          203    .text               hal_process_control.o
    0x0800824e   0x00000002   PAD
    0x08008250   0x00000844   Code   RO          385    .text               hal_process_serves.o
    0x08008a94   0x000007c8   Code   RO          415    .text               hal_process_collect.o
    0x0800925c   0x000006c0   Code   RO          435    .text               hal_process_debug.o
    0x0800991c   0x00001128   Code   RO          448    .text               patrol_control.o
    0x0800aa44   0x00000cd0   Code   RO          472    .text               bsp.o
    0x0800b714   0x000001e4   Code   RO          495    .text               bsp_can.o
    0x0800b8f8   0x000001b4   Code   RO          514    .text               bsp_eth.o
    0x0800baac   0x00000480   Code   RO          529    .text               bsp_usart.o
    0x0800bf2c   0x00000288   Code   RO          545    .text               bsp_tim.o
    0x0800c1b4   0x00000700   Code   RO          560    .text               bsp_spi.o
    0x0800c8b4   0x000000f8   Code   RO          589    .text               stm32f10x_it.o
    0x0800c9ac   0x00000280   Code   RO          615    .text               system_stm32f10x.o
    0x0800cc2c   0x00000024   Code   RO          636    .text               startup_stm32f10x_cl.o
    0x0800cc50   0x000000dc   Code   RO          640    .text               misc.o
    0x0800cd2c   0x00001144   Code   RO          652    .text               stm32_eth.o
    0x0800de70   0x000009ec   Code   RO          697    .text               stm32f10x_can.o
    0x0800e85c   0x0000011c   Code   RO          784    .text               stm32f10x_exti.o
    0x0800e978   0x000005bc   Code   RO          796    .text               stm32f10x_flash.o
    0x0800ef34   0x00000358   Code   RO          823    .text               stm32f10x_gpio.o
    0x0800f28c   0x00000040   Code   RO          850    .text               stm32f10x_iwdg.o
    0x0800f2cc   0x000000cc   Code   RO          862    .text               stm32f10x_pwr.o
    0x0800f398   0x00000504   Code   RO          874    .text               stm32f10x_rcc.o
    0x0800f89c   0x00000354   Code   RO          915    .text               stm32f10x_spi.o
    0x0800fbf0   0x00000e1a   Code   RO          927    .text               stm32f10x_tim.o
    0x08010a0a   0x00000002   PAD
    0x08010a0c   0x00000408   Code   RO          939    .text               stm32f10x_usart.o
    0x08010e14   0x00000d04   Code   RO          963    .text               os_core.o
    0x08011b18   0x00000114   Code   RO          983    .text               os_cpu_c.o
    0x08011c2c   0x00000818   Code   RO         1015    .text               os_flag.o
    0x08012444   0x000003e4   Code   RO         1027    .text               os_mbox.o
    0x08012828   0x000001e4   Code   RO         1039    .text               os_mem.o
    0x08012a0c   0x00000600   Code   RO         1063    .text               os_q.o
    0x0801300c   0x000003a4   Code   RO         1075    .text               os_sem.o
    0x080133b0   0x00000828   Code   RO         1087    .text               os_task.o
    0x08013bd8   0x000001b8   Code   RO         1099    .text               os_time.o
    0x08013d90   0x000000ac   Code   RO         1117    .text               os_cpu_a.o
    0x08013e3c   0x00000374   Code   RO         1120    .text               ethernetif.o
    0x080141b0   0x000004dc   Code   RO         1165    .text               sys_arch.o
    0x0801468c   0x00000be8   Code   RO         1195    .text               api_lib.o
    0x08015274   0x000017ac   Code   RO         1232    .text               api_msg.o
    0x08016a20   0x000003ac   Code   RO         1257    .text               netbuf.o
    0x08016dcc   0x00001adc   Code   RO         1291    .text               sockets.o
    0x080188a8   0x00000390   Code   RO         1310    .text               tcpip.o
    0x08018c38   0x000003f8   Code   RO         1342    .text               icmp.o
    0x08019030   0x0000029c   Code   RO         1369    .text               inet_chksum.o
    0x080192cc   0x000003a8   Code   RO         1381    .text               ip.o
    0x08019674   0x00000320   Code   RO         1428    .text               ip_addr.o
    0x08019994   0x000009f2   Code   RO         1451    .text               ip_frag.o
    0x0801a386   0x00000024   Code   RO         1480    .text               init.o
    0x0801a3aa   0x00000002   PAD
    0x0801a3ac   0x00000724   Code   RO         1501    .text               mem.o
    0x0801aad0   0x000001c4   Code   RO         1517    .text               memp.o
    0x0801ac94   0x000002ec   Code   RO         1544    .text               netif.o
    0x0801af80   0x000010e0   Code   RO         1566    .text               pbuf.o
    0x0801c060   0x00000234   Code   RO         1590    .text               raw.o
    0x0801c294   0x000014d0   Code   RO         1622    .text               tcp.o
    0x0801d764   0x00001cec   Code   RO         1646    .text               tcp_in.o
    0x0801f450   0x000011e6   Code   RO         1669    .text               tcp_out.o
    0x08020636   0x00000002   PAD
    0x08020638   0x00000550   Code   RO         1682    .text               udp.o
    0x08020b88   0x0000003e   Code   RO         1700    .text               def.o
    0x08020bc6   0x00000002   PAD
    0x08020bc8   0x000002cc   Code   RO         1712    .text               timers.o
    0x08020e94   0x00000db0   Code   RO         1726    .text               etharp.o
    0x08021c44   0x00000210   Code   RO         1746    .text               lwip.o
    0x08021e54   0x00000084   Code   RO         1778    .text               mc_w.l(localtime.o)
    0x08021ed8   0x00000024   Code   RO         1782    .text               mc_w.l(memcpya.o)
    0x08021efc   0x00000024   Code   RO         1784    .text               mc_w.l(memseta.o)
    0x08021f20   0x00000024   Code   RO         1786    .text               mc_w.l(strstr.o)
    0x08021f44   0x0000000e   Code   RO         1788    .text               mc_w.l(strlen.o)
    0x08021f52   0x0000001a   Code   RO         1790    .text               mc_w.l(memcmp.o)
    0x08021f6c   0x00000012   Code   RO         1792    .text               mc_w.l(strcpy.o)
    0x08021f7e   0x0000001e   Code   RO         1794    .text               mc_w.l(strncmp.o)
    0x08021f9c   0x00000038   Code   RO         2059    .text               mc_w.l(__0sscanf.o)
    0x08021fd4   0x00000150   Code   RO         2061    .text               mc_w.l(_scanf_int.o)
    0x08022124   0x0000001a   Code   RO         2063    .text               mc_w.l(atoi.o)
    0x0802213e   0x000000b0   Code   RO         2065    .text               mf_w.l(fadd.o)
    0x080221ee   0x0000006c   Code   RO         2067    .text               mf_w.l(fmul.o)
    0x0802225a   0x00000080   Code   RO         2069    .text               mf_w.l(fdiv.o)
    0x080222da   0x0000014e   Code   RO         2071    .text               mf_w.l(dadd.o)
    0x08022428   0x000000e4   Code   RO         2073    .text               mf_w.l(dmul.o)
    0x0802250c   0x000000de   Code   RO         2075    .text               mf_w.l(ddiv.o)
    0x080225ea   0x00000012   Code   RO         2077    .text               mf_w.l(fflti.o)
    0x080225fc   0x00000022   Code   RO         2079    .text               mf_w.l(dflti.o)
    0x0802261e   0x00000032   Code   RO         2081    .text               mf_w.l(ffixi.o)
    0x08022650   0x0000003e   Code   RO         2083    .text               mf_w.l(dfixi.o)
    0x0802268e   0x00000026   Code   RO         2085    .text               mf_w.l(f2d.o)
    0x080226b4   0x00000028   Code   RO         2087    .text               mf_w.l(cdcmple.o)
    0x080226dc   0x00000038   Code   RO         2089    .text               mf_w.l(d2f.o)
    0x08022714   0x00000014   Code   RO         2091    .text               mf_w.l(cfcmple.o)
    0x08022728   0x00000014   Code   RO         2093    .text               mf_w.l(cfrcmple.o)
    0x0802273c   0x0000002c   Code   RO         2110    .text               mc_w.l(uidiv.o)
    0x08022768   0x00000062   Code   RO         2112    .text               mc_w.l(uldiv.o)
    0x080227ca   0x0000001e   Code   RO         2114    .text               mc_w.l(llshl.o)
    0x080227e8   0x00000020   Code   RO         2116    .text               mc_w.l(llushr.o)
    0x08022808   0x00000024   Code   RO         2118    .text               mc_w.l(llsshr.o)
    0x0802282c   0x0000001c   Code   RO         2127    .text               mc_w.l(_chval.o)
    0x08022848   0x00000028   Code   RO         2129    .text               mc_w.l(scanf_char.o)
    0x08022870   0x00000040   Code   RO         2131    .text               mc_w.l(_sgetc.o)
    0x080228b0   0x00000070   Code   RO         2133    .text               mc_w.l(strtol.o)
    0x08022920   0x00000000   Code   RO         2135    .text               mc_w.l(iusefp.o)
    0x08022920   0x0000006c   Code   RO         2136    .text               mf_w.l(fepilogue.o)
    0x0802298c   0x000000be   Code   RO         2138    .text               mf_w.l(depilogue.o)
    0x08022a4a   0x00000030   Code   RO         2140    .text               mf_w.l(dfixul.o)
    0x08022a7a   0x00000002   PAD
    0x08022a7c   0x00000028   Code   RO         2142    .text               mf_w.l(cdrcmple.o)
    0x08022aa4   0x00000024   Code   RO         2144    .text               mc_w.l(init.o)
    0x08022ac8   0x00000008   Code   RO         2148    .text               mc_w.l(ctype_o.o)
    0x08022ad0   0x00000012   Code   RO         2170    .text               mc_w.l(isspace_o.o)
    0x08022ae2   0x00000002   PAD
    0x08022ae4   0x0000032c   Code   RO         2176    .text               mc_w.l(_scanf.o)
    0x08022e10   0x0000009e   Code   RO         2178    .text               mc_w.l(_strtoul.o)
    0x08022eae   0x0000005c   Code   RO         2191    .text               mc_w.l(__dczerorl2.o)
    0x08022f0a   0x00000002   PAD
    0x08022f0c   0x00000020   Code   RO         2031    i.__0printf         mc_w.l(printfa.o)
    0x08022f2c   0x00000028   Code   RO         2033    i.__0sprintf        mc_w.l(printfa.o)
    0x08022f54   0x00000010   Code   RO         2035    i.__0vprintf        mc_w.l(printfa.o)
    0x08022f64   0x00000024   Code   RO         2037    i.__0vsprintf       mc_w.l(printfa.o)
    0x08022f88   0x00000008   Code   RO         2120    i.__aeabi_errno_addr  mc_w.l(errno.o)
    0x08022f90   0x0000000e   Code   RO         2185    i.__scatterload_copy  mc_w.l(handlers.o)
    0x08022f9e   0x00000002   Code   RO         2186    i.__scatterload_null  mc_w.l(handlers.o)
    0x08022fa0   0x0000000e   Code   RO         2187    i.__scatterload_zeroinit  mc_w.l(handlers.o)
    0x08022fae   0x00000002   PAD
    0x08022fb0   0x0000015c   Code   RO         2038    i._fp_digits        mc_w.l(printfa.o)
    0x0802310c   0x000006f0   Code   RO         2039    i._printf_core      mc_w.l(printfa.o)
    0x080237fc   0x00000026   Code   RO         2040    i._printf_post_padding  mc_w.l(printfa.o)
    0x08023822   0x00000030   Code   RO         2041    i._printf_pre_padding  mc_w.l(printfa.o)
    0x08023852   0x0000000a   Code   RO         2043    i._sputc            mc_w.l(printfa.o)
    0x0802385c   0x000000dc   Code   RO         1772    i.floor             m_ws.l(floor.o)
    0x08023938   0x000000f0   Data   RO          205    .constdata          hal_process_control.o
    0x08023a28   0x00000020   Data   RO          417    .constdata          hal_process_collect.o
    0x08023a48   0x00000049   Data   RO          436    .constdata          hal_process_debug.o
    0x08023a91   0x00000003   PAD
    0x08023a94   0x00000041   Data   RO          497    .constdata          bsp_can.o
    0x08023ad5   0x00000100   Data   RO          965    .constdata          os_core.o
    0x08023bd5   0x00000003   PAD
    0x08023bd8   0x00000004   Data   RO         1167    .constdata          sys_arch.o
    0x08023bdc   0x00000040   Data   RO         1293    .constdata          sockets.o
    0x08023c1c   0x00000008   Data   RO         1430    .constdata          ip_addr.o
    0x08023c24   0x00000038   Data   RO         1519    .constdata          memp.o
    0x08023c5c   0x00000050   Data   RO         1623    .constdata          tcp.o
    0x08023cac   0x00000055   Data   RO         1670    .constdata          tcp_out.o
    0x08023d01   0x00000003   PAD
    0x08023d04   0x00000050   Data   RO         1728    .constdata          etharp.o
    0x08023d54   0x0000000c   Data   RO         1780    .constdata          mc_w.l(localtime.o)
    0x08023d60   0x00000081   Data   RO         2149    .constdata          mc_w.l(ctype_o.o)
    0x08023de1   0x00000003   PAD
    0x08023de4   0x00000004   Data   RO         2150    .constdata          mc_w.l(ctype_o.o)
    0x08023de8   0x00000068   Data   RO         1624    .conststring        tcp.o
    0x08023e50   0x00000020   Data   RO         2183    Region$$Table       anon$$obj.o


    Execution Region RW_IRAM1 (Base: 0x20000000, Size: 0x0000fb00, Max: 0x00010000, ABSOLUTE, COMPRESSED[0x000000cc])

    Base Addr    Size         Type   Attr      Idx    E Section Name        Object

    0x20000000   0x00000030   Data   RW            3    .data               main.o
    0x20000030   0x000000f4   Data   RW          206    .data               hal_process_control.o
    0x20000124   0x0000001c   Data   RW          387    .data               hal_process_serves.o
    0x20000140   0x00000024   Data   RW          418    .data               hal_process_collect.o
    0x20000164   0x00000034   Data   RW          450    .data               patrol_control.o
    0x20000198   0x00000001   Data   RW          474    .data               bsp.o
    0x20000199   0x00000003   PAD
    0x2000019c   0x00000004   Data   RW          531    .data               bsp_usart.o
    0x200001a0   0x00000008   Data   RW          561    .data               bsp_spi.o
    0x200001a8   0x00000014   Data   RW          616    .data               system_stm32f10x.o
    0x200001bc   0x00000010   Data   RW          653    .data               stm32_eth.o
    0x200001cc   0x00000014   Data   RW          875    .data               stm32f10x_rcc.o
    0x200001e0   0x0000004c   Data   RW          966    .data               os_core.o
    0x2000022c   0x0000001a   Data   RW         1122    .data               ethernetif.o
    0x20000246   0x00000002   PAD
    0x20000248   0x00000008   Data   RW         1168    .data               sys_arch.o
    0x20000250   0x00000008   Data   RW         1294    .data               sockets.o
    0x20000258   0x0000000c   Data   RW         1311    .data               tcpip.o
    0x20000264   0x00000012   Data   RW         1382    .data               ip.o
    0x20000276   0x00000002   PAD
    0x20000278   0x00000006   Data   RW         1452    .data               ip_frag.o
    0x2000027e   0x00000002   PAD
    0x20000280   0x00000010   Data   RW         1503    .data               mem.o
    0x20000290   0x00000009   Data   RW         1545    .data               netif.o
    0x20000299   0x00000001   Data   RW         1567    .data               pbuf.o
    0x2000029a   0x00000002   PAD
    0x2000029c   0x00000004   Data   RW         1591    .data               raw.o
    0x200002a0   0x00000023   Data   RW         1625    .data               tcp.o
    0x200002c3   0x00000001   PAD
    0x200002c4   0x00000020   Data   RW         1648    .data               tcp_in.o
    0x200002e4   0x00000008   Data   RW         1683    .data               udp.o
    0x200002ec   0x00000008   Data   RW         1713    .data               timers.o
    0x200002f4   0x00000001   Data   RW         1729    .data               etharp.o
    0x200002f5   0x00000003   PAD
    0x200002f8   0x00000010   Data   RW         1748    .data               lwip.o
    0x20000308   0x00000004   Data   RW         2109    .data               mc_w.l(stdout.o)
    0x2000030c   0x00000004   Data   RW         2123    .data               mc_w.l(errno.o)
    0x20000310   0x00001100   Zero   RW            2    .bss                main.o
    0x20001410   0x00000032   Zero   RW          204    .bss                hal_process_control.o
    0x20001442   0x00000002   PAD
    0x20001444   0x00000c40   Zero   RW          386    .bss                hal_process_serves.o
    0x20002084   0x00000025   Zero   RW          416    .bss                hal_process_collect.o
    0x200020a9   0x00000003   PAD
    0x200020ac   0x000000c0   Zero   RW          449    .bss                patrol_control.o
    0x2000216c   0x0000001c   Zero   RW          473    .bss                bsp.o
    0x20002188   0x00000014   Zero   RW          496    .bss                bsp_can.o
    0x2000219c   0x000001f9   Zero   RW          530    .bss                bsp_usart.o
    0x20002395   0x00000003   PAD
    0x20002398   0x00001330   Zero   RW          964    .bss                os_core.o
    0x200036c8   0x00002400   Zero   RW         1121    .bss                ethernetif.o
    0x20005ac8   0x00001168   Zero   RW         1166    .bss                sys_arch.o
    0x20006c30   0x00000060   Zero   RW         1292    .bss                sockets.o
    0x20006c90   0x00000010   Zero   RW         1429    .bss                ip_addr.o
    0x20006ca0   0x00004014   Zero   RW         1502    .bss                mem.o
    0x2000acb4   0x00004913   Zero   RW         1518    .bss                memp.o
    0x2000f5c7   0x00000001   PAD
    0x2000f5c8   0x00000010   Zero   RW         1647    .bss                tcp_in.o
    0x2000f5d8   0x000000c8   Zero   RW         1727    .bss                etharp.o
    0x2000f6a0   0x00000030   Zero   RW         1747    .bss                lwip.o
    0x2000f6d0   0x0000002c   Zero   RW         1779    .bss                mc_w.l(localtime.o)
    0x2000f6fc   0x00000004   PAD
    0x2000f700   0x00000400   Zero   RW          633    STACK               startup_stm32f10x_cl.o


==============================================================================

Image component sizes


      Code (inc. data)   RO Data    RW Data    ZI Data      Debug   Object Name

      3048        808          0          0          0      16689   api_lib.o
      6060       1218          0          0          0       9947   api_msg.o
      3280         96          0          1         28      32243   bsp.o
       484         28         65          0         20       1823   bsp_can.o
       436         18          0          0          0        890   bsp_eth.o
      1792         52          0          8          0       6914   bsp_spi.o
       648         24          0          0          0       1519   bsp_tim.o
      1152         56          0          4        505       3172   bsp_usart.o
         0          0          0          0          0         32   core_cm3.o
        62          0          0          0          0       1002   def.o
      3504        588         80          1        200       9307   etharp.o
       884        138          0         26       9216      14152   ethernetif.o
      1992        432         32         36         37       3615   hal_process_collect.o
     11790        598        240        244         50     256503   hal_process_control.o
      1728        494         73          0          0       1408   hal_process_debug.o
      2116        418          0         28       3136       5632   hal_process_serves.o
      1016        370          0          0          0       2342   icmp.o
       668         96          0          0          0       2757   inet_chksum.o
        36          0          0          0          0        400   init.o
       936        164          0         18          0      14844   ip.o
       800        104          8          0         16       8787   ip_addr.o
      2546        478          0          6          0       6908   ip_frag.o
       528        152          0         16         48       2278   lwip.o
       732        168          0         48       4352     370391   main.o
      1828        556          0         16      16404       3802   mem.o
       452        190         56          0      18707       2634   memp.o
       220         20          0          0          0       1577   misc.o
       940        338          0          0          0       7357   netbuf.o
       748        120          0          9          0       5661   netif.o
      3332        274        256         76       4912      17611   os_core.o
       172         32          0          0          0        244   os_cpu_a.o
       276         12          0          0          0      25634   os_cpu_c.o
      2072         40          0          0          0       6608   os_flag.o
       996         20          0          0          0       3942   os_mbox.o
       484         16          0          0          0       2920   os_mem.o
      1536         36          0          0          0       5337   os_q.o
       932         22          0          0          0       3702   os_sem.o
      2088         70          0          0          0       7389   os_task.o
       440         30          0          0          0       1686   os_time.o
      4392        300          0         52        192       7744   patrol_control.o
      4320       1238          0          1          0       9939   pbuf.o
       564        126          0          4          0       3017   raw.o
      6876        664         64          8         96      20798   sockets.o
        36          8        336          0       1024        712   startup_stm32f10x_cl.o
      4420        134          0         16          0      23397   stm32_eth.o
      2540         38          0          0          0       7632   stm32f10x_can.o
       284         10          0          0          0       2015   stm32f10x_exti.o
      1468         34          0          0          0       7810   stm32f10x_flash.o
       856         40          0          0          0       5425   stm32f10x_gpio.o
       248         36          0          0          0       6049   stm32f10x_it.o
        64          6          0          0          0       1165   stm32f10x_iwdg.o
       204         16          0          0          0       1811   stm32f10x_pwr.o
      1284         72          0         20          0      10862   stm32f10x_rcc.o
       852         20          0          0          0       6362   stm32f10x_spi.o
      3610         88          0          0          0      21912   stm32f10x_tim.o
      1032         22          0          0          0       8148   stm32f10x_usart.o
      1244        220          4          8       4456       8253   sys_arch.o
       640         48          0         20          0       1727   system_stm32f10x.o
      5328       1116        184         35          0      21232   tcp.o
      7404       1058          0         32         16      15375   tcp_in.o
      4582        856         85          0          0       9431   tcp_out.o
       912        188          0         12          0       9184   tcpip.o
       716        170          0          8          0       2931   timers.o
      1360        192          0          8          0       6362   udp.o

    ----------------------------------------------------------------------
    118000      14976       1524        776      63424    1088952   Object Totals
         0          0         32          0          0          0   (incl. Generated)
        10          0          9         15          9          0   (incl. Padding)

    ----------------------------------------------------------------------

      Code (inc. data)   RO Data    RW Data    ZI Data      Debug   Library Member Name

       220         16          0          0          0         84   floor.o
        56          8          0          0          0         84   __0sscanf.o
        92          0          0          0          0          0   __dczerorl2.o
        28          0          0          0          0         68   _chval.o
       812          6          0          0          0        112   _scanf.o
       336          0          0          0          0         96   _scanf_int.o
        64          0          0          0          0         84   _sgetc.o
       158          0          0          0          0         92   _strtoul.o
        26          0          0          0          0         80   atoi.o
         8          4        133          0          0         68   ctype_o.o
         0          0          0          0          0          0   entry.o
         0          0          0          0          0          0   entry10a.o
         0          0          0          0          0          0   entry11a.o
         8          4          0          0          0          0   entry2.o
         4          0          0          0          0          0   entry5.o
         0          0          0          0          0          0   entry7b.o
         0          0          0          0          0          0   entry8b.o
         8          4          0          0          0          0   entry9a.o
         8          4          0          4          0         68   errno.o
        30          0          0          0          0          0   handlers.o
        36          8          0          0          0         68   init.o
        18          0          0          0          0         76   isspace_o.o
         0          0          0          0          0          0   iusefp.o
        30          0          0          0          0         68   llshl.o
        36          0          0          0          0         68   llsshr.o
        32          0          0          0          0         68   llushr.o
       132          8         12          0         44         76   localtime.o
        26          0          0          0          0         80   memcmp.o
        36          0          0          0          0         68   memcpya.o
        36          0          0          0          0        108   memseta.o
      2344        110          0          0          0        744   printfa.o
        40          8          0          0          0         84   scanf_char.o
         0          0          0          4          0          0   stdout.o
        18          0          0          0          0         68   strcpy.o
        14          0          0          0          0         68   strlen.o
        30          0          0          0          0         80   strncmp.o
        36          0          0          0          0         80   strstr.o
       112          0          0          0          0         88   strtol.o
        44          0          0          0          0         80   uidiv.o
        98          0          0          0          0         92   uldiv.o
        40          2          0          0          0         68   cdcmple.o
        40          2          0          0          0         68   cdrcmple.o
        20          0          0          0          0         68   cfcmple.o
        20          0          0          0          0         68   cfrcmple.o
        56          0          0          0          0         88   d2f.o
       334          0          0          0          0        148   dadd.o
       222          0          0          0          0        100   ddiv.o
       190          0          0          0          0        176   depilogue.o
        62          0          0          0          0         80   dfixi.o
        48          0          0          0          0         68   dfixul.o
        34          0          0          0          0         76   dflti.o
       228          0          0          0          0         96   dmul.o
        38          0          0          0          0         68   f2d.o
       176          0          0          0          0        140   fadd.o
       128          0          0          0          0         88   fdiv.o
       108          0          0          0          0        168   fepilogue.o
        50          0          0          0          0         68   ffixi.o
        18          0          0          0          0         68   fflti.o
       108          0          0          0          0         76   fmul.o

    ----------------------------------------------------------------------
      6904        184        148          8         48       4680   Library Totals
         8          0          3          0          4          0   (incl. Padding)

    ----------------------------------------------------------------------

      Code (inc. data)   RO Data    RW Data    ZI Data      Debug   Library Name

       220         16          0          0          0         84   m_ws.l
      4756        164        145          8         44       2816   mc_w.l
      1920          4          0          0          0       1780   mf_w.l

    ----------------------------------------------------------------------
      6904        184        148          8         48       4680   Library Totals

    ----------------------------------------------------------------------

==============================================================================


      Code (inc. data)   RO Data    RW Data    ZI Data      Debug   

    124904      15160       1672        784      63472    1085312   Grand Totals
    124904      15160       1672        204      63472    1085312   ELF Image Totals (compressed)
    124904      15160       1672        204          0          0   ROM Totals

==============================================================================

    Total RO  Size (Code + RO Data)               126576 ( 123.61kB)
    Total RW  Size (RW Data + ZI Data)             64256 (  62.75kB)
    Total ROM Size (Code + RO Data + RW Data)     126780 ( 123.81kB)

==============================================================================

